// Jest Snapshot v1, https://goo.gl/fbAQLP

exports[`<Frame> rendering has a valid snapshot 1`] = `
<div
  className="sc-bdVaJa cOdhsb"
>
  Test
</div>
`;
