// Jest Snapshot v1, https://goo.gl/fbAQLP

exports[`<Search /> rendering has a valid snapshot 1`] = `
<input
  className="sc-bdVaJa gIfCVv"
/>
`;
