// Jest Snapshot v1, https://goo.gl/fbAQLP

exports[`<ThermoIcon /> rendering has a valid snapshot 1`] = `
<i
  className="fas fa-thermometer-empty fa-3x sc-bdVaJa bSIgLK"
/>
`;
