// Jest Snapshot v1, https://goo.gl/fbAQLP

exports[`<LookupByZip /> basic rendering has a valid snapshot 1`] = `
<div
  className="sc-bwzfXH kUBsGr"
>
  <a
    href="/"
    onClick={[Function]}
  >
    <h1
      className="title-gold"
      id="landing-title"
    >
      Weather
      <span
        className="title-grey"
      >
        Now
      </span>
    </h1>
  </a>
  <input
    autoFocus={true}
    className="sc-htpNat dxPalS"
    onChange={[Function]}
    onClick={[Function]}
    onKeyPress={[Function]}
    placeholder="Enter US ZIP"
    type="text"
    value=""
  />
  <button
    className="sc-bxivhb bomdTJ"
    onClick={[Function]}
  >
    Go
  </button>
</div>
`;
